Построение начато 26.10.2022 9:58:39.
     1>Проект "X:\Projects\Git\SpaceRangers-HD-LuaManager\VisualSystem\VisualSystem.vcxproj" в узле 2 (целевые объекты build).
     1>InitializeBuildStatus:
         Обращение к "Release\VisualSystem.unsuccessfulbuild".
       ClCompile:
         Для всех выходных данных обновления не требуется.
       Link:
         X:\WinUserSoft\Microsoft Visual Studio 10.0\VC\bin\link.exe /ERRORREPORT:PROMPT /OUT:"X:\Projects\Git\SpaceRangers-HD-LuaManager\VisualSystem\Release\VSAlpha 1.0.dll" /NOLOGO /LIBPATH:"X:\Projects\Git\SpaceRangers-HD-LuaManager\VisualSystem\Lua" Lua544.lib kernel32.lib user32.lib gdi32.lib winspool.lib comdlg32.lib advapi32.lib shell32.lib ole32.lib oleaut32.lib uuid.lib odbc32.lib odbccp32.lib /MANIFEST /ManifestFile:"Release\VSAlpha 1.0.dll.intermediate.manifest" /MANIFESTUAC:"level='asInvoker' uiAccess='false'" /PDB:"X:\Projects\Git\SpaceRangers-HD-LuaManager\VisualSystem\Release\VSAlpha 1.0.pdb" /SUBSYSTEM:WINDOWS /OPT:REF /OPT:ICF /LTCG /TLBID:1 /DYNAMICBASE /NXCOMPAT /IMPLIB:"X:\Projects\Git\SpaceRangers-HD-LuaManager\VisualSystem\Release\VSAlpha 1.0.lib" /MACHINE:X86 /DLL Release\LuaManager.obj
         Release\LuaStackException.obj
         Release\ConsoleManager.obj
         Release\FileManager.obj
         Release\MemoryManager.obj
         Release\ProcessManager.obj
         Release\ThreadManager.obj
         Release\ConsoleCommands.obj
         Release\ConVar.obj
         Release\DllMain.obj
         Release\ExceptionManager.obj
         Release\Galaxy.obj
         Release\Item.obj
         Release\Lua_Galaxy.obj
         Release\Lua_Planet.obj
         Release\Lua_Program.obj
         Release\Lua_Sector.obj
         Release\Lua_Ship.obj
         Release\Lua_Star.obj
         Release\Planet.obj
         Release\Sector.obj
         Release\Ship.obj
         Release\Star.obj
         Release\LogManager.obj
         Release\ProgramData.obj
         Release\ScriptManager.obj
         Release\SRAPI.obj /LTCG /NODEFAULTLIB:library 
         Создание кода
         Создание кода завершено
         VisualSystem.vcxproj -> X:\Projects\Git\SpaceRangers-HD-LuaManager\VisualSystem\Release\VSAlpha 1.0.dll
       Manifest:
         C:\Program Files (x86)\Microsoft SDKs\Windows\v7.0A\bin\mt.exe /nologo /verbose /outputresource:"X:\Projects\Git\SpaceRangers-HD-LuaManager\VisualSystem\Release\VSAlpha 1.0.dll;#2" /manifest "Release\VSAlpha 1.0.dll.intermediate.manifest"
       FinalizeBuildStatus:
         Файл "Release\VisualSystem.unsuccessfulbuild" удаляется.
         Обращение к "Release\VisualSystem.lastbuildstate".
     1>Построение проекта "X:\Projects\Git\SpaceRangers-HD-LuaManager\VisualSystem\VisualSystem.vcxproj" завершено (целевые объекты build).

Построение успешно завершено.

Затраченное время: 00:00:04.15
